Archive member included to satisfy reference by file (symbol)

/home/vybhav/Videos/FPGA_firmware/ZillaRV-Gen0-Verif/FPGA/SW/bsp/libbsp-lib.a(zilla_startup.o)
                              (_reset)
/home/vybhav/Videos/FPGA_firmware/ZillaRV-Gen0-Verif/FPGA/SW/sdk/lib/libisa-lib.a(printf.o)
                              /home/vybhav/Videos/FPGA_firmware/ZillaRV-Gen0-Verif/FPGA/SW/programs/and_op/and_op.o (printf_)
/home/vybhav/Videos/FPGA_firmware/ZillaRV-Gen0-Verif/FPGA/SW/sdk/lib/libisa-lib.a(random.o)
                              /home/vybhav/Videos/FPGA_firmware/ZillaRV-Gen0-Verif/FPGA/SW/programs/and_op/and_op.o (init_by_array)
/opt/riscv/lib/gcc/riscv32-unknown-elf/11.1.0/libgcc.a(_udivdi3.o)
                              /home/vybhav/Videos/FPGA_firmware/ZillaRV-Gen0-Verif/FPGA/SW/sdk/lib/libisa-lib.a(printf.o) (__udivdi3)
/opt/riscv/lib/gcc/riscv32-unknown-elf/11.1.0/libgcc.a(_umoddi3.o)
                              /home/vybhav/Videos/FPGA_firmware/ZillaRV-Gen0-Verif/FPGA/SW/sdk/lib/libisa-lib.a(printf.o) (__umoddi3)
/opt/riscv/lib/gcc/riscv32-unknown-elf/11.1.0/libgcc.a(adddf3.o)
                              /home/vybhav/Videos/FPGA_firmware/ZillaRV-Gen0-Verif/FPGA/SW/sdk/lib/libisa-lib.a(printf.o) (__adddf3)
/opt/riscv/lib/gcc/riscv32-unknown-elf/11.1.0/libgcc.a(divdf3.o)
                              /home/vybhav/Videos/FPGA_firmware/ZillaRV-Gen0-Verif/FPGA/SW/sdk/lib/libisa-lib.a(printf.o) (__divdf3)
/opt/riscv/lib/gcc/riscv32-unknown-elf/11.1.0/libgcc.a(eqdf2.o)
                              /home/vybhav/Videos/FPGA_firmware/ZillaRV-Gen0-Verif/FPGA/SW/sdk/lib/libisa-lib.a(printf.o) (__nedf2)
/opt/riscv/lib/gcc/riscv32-unknown-elf/11.1.0/libgcc.a(gedf2.o)
                              /home/vybhav/Videos/FPGA_firmware/ZillaRV-Gen0-Verif/FPGA/SW/sdk/lib/libisa-lib.a(printf.o) (__gedf2)
/opt/riscv/lib/gcc/riscv32-unknown-elf/11.1.0/libgcc.a(ledf2.o)
                              /home/vybhav/Videos/FPGA_firmware/ZillaRV-Gen0-Verif/FPGA/SW/sdk/lib/libisa-lib.a(printf.o) (__ltdf2)
/opt/riscv/lib/gcc/riscv32-unknown-elf/11.1.0/libgcc.a(muldf3.o)
                              /home/vybhav/Videos/FPGA_firmware/ZillaRV-Gen0-Verif/FPGA/SW/sdk/lib/libisa-lib.a(printf.o) (__muldf3)
/opt/riscv/lib/gcc/riscv32-unknown-elf/11.1.0/libgcc.a(subdf3.o)
                              /home/vybhav/Videos/FPGA_firmware/ZillaRV-Gen0-Verif/FPGA/SW/sdk/lib/libisa-lib.a(printf.o) (__subdf3)
/opt/riscv/lib/gcc/riscv32-unknown-elf/11.1.0/libgcc.a(fixdfsi.o)
                              /home/vybhav/Videos/FPGA_firmware/ZillaRV-Gen0-Verif/FPGA/SW/sdk/lib/libisa-lib.a(printf.o) (__fixdfsi)
/opt/riscv/lib/gcc/riscv32-unknown-elf/11.1.0/libgcc.a(fixunsdfsi.o)
                              /home/vybhav/Videos/FPGA_firmware/ZillaRV-Gen0-Verif/FPGA/SW/sdk/lib/libisa-lib.a(printf.o) (__fixunsdfsi)
/opt/riscv/lib/gcc/riscv32-unknown-elf/11.1.0/libgcc.a(floatsidf.o)
                              /home/vybhav/Videos/FPGA_firmware/ZillaRV-Gen0-Verif/FPGA/SW/sdk/lib/libisa-lib.a(printf.o) (__floatsidf)
/opt/riscv/lib/gcc/riscv32-unknown-elf/11.1.0/libgcc.a(floatunsidf.o)
                              /home/vybhav/Videos/FPGA_firmware/ZillaRV-Gen0-Verif/FPGA/SW/sdk/lib/libisa-lib.a(printf.o) (__floatunsidf)
/opt/riscv/lib/gcc/riscv32-unknown-elf/11.1.0/libgcc.a(_clz.o)
                              /opt/riscv/lib/gcc/riscv32-unknown-elf/11.1.0/libgcc.a(_udivdi3.o) (__clz_tab)
/opt/riscv/lib/gcc/riscv32-unknown-elf/11.1.0/libgcc.a(_clzsi2.o)
                              /opt/riscv/lib/gcc/riscv32-unknown-elf/11.1.0/libgcc.a(adddf3.o) (__clzsi2)
/opt/riscv/lib/gcc/riscv32-unknown-elf/11.1.0/../../../../riscv32-unknown-elf/lib/libc.a(lib_a-exit.o)
                              /home/vybhav/Videos/FPGA_firmware/ZillaRV-Gen0-Verif/FPGA/SW/bsp/libbsp-lib.a(zilla_startup.o) (exit)
/opt/riscv/lib/gcc/riscv32-unknown-elf/11.1.0/../../../../riscv32-unknown-elf/lib/libc.a(lib_a-impure.o)
                              /opt/riscv/lib/gcc/riscv32-unknown-elf/11.1.0/../../../../riscv32-unknown-elf/lib/libc.a(lib_a-exit.o) (_global_impure_ptr)
/opt/riscv/lib/gcc/riscv32-unknown-elf/11.1.0/../../../../riscv32-unknown-elf/lib/libc.a(lib_a-__call_atexit.o)
                              /opt/riscv/lib/gcc/riscv32-unknown-elf/11.1.0/../../../../riscv32-unknown-elf/lib/libc.a(lib_a-exit.o) (__call_exitprocs)
/opt/riscv/lib/gcc/riscv32-unknown-elf/11.1.0/../../../../riscv32-unknown-elf/lib/libc.a(lib_a-fini.o)
                              /opt/riscv/lib/gcc/riscv32-unknown-elf/11.1.0/../../../../riscv32-unknown-elf/lib/libc.a(lib_a-__call_atexit.o) (__libc_fini_array)
/opt/riscv/lib/gcc/riscv32-unknown-elf/11.1.0/../../../../riscv32-unknown-elf/lib/libc.a(lib_a-atexit.o)
                              /opt/riscv/lib/gcc/riscv32-unknown-elf/11.1.0/../../../../riscv32-unknown-elf/lib/libc.a(lib_a-__call_atexit.o) (atexit)
/opt/riscv/lib/gcc/riscv32-unknown-elf/11.1.0/../../../../riscv32-unknown-elf/lib/libc.a(lib_a-__atexit.o)
                              /opt/riscv/lib/gcc/riscv32-unknown-elf/11.1.0/../../../../riscv32-unknown-elf/lib/libc.a(lib_a-atexit.o) (__register_exitproc)
/opt/riscv/lib/gcc/riscv32-unknown-elf/11.1.0/../../../../riscv32-unknown-elf/lib/libgloss.a(sys_exit.o)
                              /opt/riscv/lib/gcc/riscv32-unknown-elf/11.1.0/../../../../riscv32-unknown-elf/lib/libc.a(lib_a-exit.o) (_exit)
/opt/riscv/lib/gcc/riscv32-unknown-elf/11.1.0/../../../../riscv32-unknown-elf/lib/libc.a(lib_a-errno.o)
                              /opt/riscv/lib/gcc/riscv32-unknown-elf/11.1.0/../../../../riscv32-unknown-elf/lib/libgloss.a(sys_exit.o) (__errno)

Memory Configuration

Name             Origin             Length             Attributes
INST_MEM         0x0000000000008000 0x0000000000020000 axrl
DATA_MEM         0x0000000000028000 0x0000000000020000 axrwl
*default*        0x0000000000000000 0xffffffffffffffff

Linker script and memory map

LOAD /home/vybhav/Videos/FPGA_firmware/ZillaRV-Gen0-Verif/FPGA/SW/programs/and_op/and_op.o
LOAD /home/vybhav/Videos/FPGA_firmware/ZillaRV-Gen0-Verif/FPGA/SW/bsp/libbsp-lib.a
LOAD /home/vybhav/Videos/FPGA_firmware/ZillaRV-Gen0-Verif/FPGA/SW/sdk/lib/libisa-lib.a
LOAD /opt/riscv/lib/gcc/riscv32-unknown-elf/11.1.0/libgcc.a
START GROUP
LOAD /opt/riscv/lib/gcc/riscv32-unknown-elf/11.1.0/../../../../riscv32-unknown-elf/lib/libc.a
LOAD /opt/riscv/lib/gcc/riscv32-unknown-elf/11.1.0/../../../../riscv32-unknown-elf/lib/libgloss.a
END GROUP
LOAD /opt/riscv/lib/gcc/riscv32-unknown-elf/11.1.0/libgcc.a
                [!provide]                        PROVIDE (__boot_address = 0x8100)
                0x0000000000028000                PROVIDE (__data_address = ORIGIN (DATA_MEM))

.vectors        0x0000000000008000      0x100
                [!provide]                        PROVIDE (_start_vector = .)
 *(.isr_vector)
 .isr_vector    0x0000000000008000      0x100 /home/vybhav/Videos/FPGA_firmware/ZillaRV-Gen0-Verif/FPGA/SW/bsp/libbsp-lib.a(zilla_startup.o)
                0x0000000000008000                _isr_vector
                [!provide]                        PROVIDE (end = .)

.init           0x0000000000008100      0x130
 *(SORT_NONE(.init))
 .init          0x0000000000008100      0x130 /home/vybhav/Videos/FPGA_firmware/ZillaRV-Gen0-Verif/FPGA/SW/bsp/libbsp-lib.a(zilla_startup.o)
                0x0000000000008100                _reset
 *(.text.start)

.text           0x0000000000008230     0x6510
 *(.text*)
 .text          0x0000000000008230      0x43c /home/vybhav/Videos/FPGA_firmware/ZillaRV-Gen0-Verif/FPGA/SW/programs/and_op/and_op.o
                0x0000000000008230                main
 .text          0x000000000000866c       0x34 /home/vybhav/Videos/FPGA_firmware/ZillaRV-Gen0-Verif/FPGA/SW/bsp/libbsp-lib.a(zilla_startup.o)
                0x000000000000866c                irq_38_handler
                0x000000000000866c                irq_18_handler
                0x000000000000866c                irq_30_handler
                0x000000000000866c                irq_24_handler
                0x000000000000866c                machine_timer_irq
                0x000000000000866c                irq_5_handler
                0x000000000000866c                irq_6_handler
                0x000000000000866c                irq_47_handler
                0x000000000000866c                irq_44_handler
                0x000000000000866c                irq_14_handler
                0x000000000000866c                irq_27_handler
                0x000000000000866c                irq_8_handler
                0x000000000000866c                irq_46_handler
                0x000000000000866c                irq_7_handler
                0x000000000000866c                irq_41_handler
                0x000000000000866c                irq_2_handler
                0x000000000000866c                irq_26_handler
                0x000000000000866c                irq_42_handler
                0x000000000000866c                irq_19_handler
                0x000000000000866c                irq_22_handler
                0x000000000000866c                irq_16_handler
                0x000000000000866c                irq_45_handler
                0x000000000000866c                irq_23_handler
                0x000000000000866c                irq_21_handler
                0x000000000000866c                Default_Handler
                0x000000000000866c                irq_0_handler
                0x000000000000866c                irq_1_handler
                0x000000000000866c                irq_36_handler
                0x000000000000866c                irq_3_handler
                0x000000000000866c                irq_20_handler
                0x000000000000866c                irq_32_handler
                0x000000000000866c                irq_35_handler
                0x000000000000866c                irq_13_handler
                0x000000000000866c                irq_40_handler
                0x000000000000866c                irq_37_handler
                0x000000000000866c                irq_17_handler
                0x000000000000866c                irq_25_handler
                0x000000000000866c                irq_39_handler
                0x000000000000866c                irq_33_handler
                0x000000000000866c                irq_12_handler
                0x000000000000866c                irq_10_handler
                0x000000000000866c                irq_9_handler
                0x000000000000866c                irq_29_handler
                0x000000000000866c                irq_28_handler
                0x000000000000866c                irq_11_handler
                0x000000000000866c                irq_15_handler
                0x000000000000866c                irq_43_handler
                0x000000000000866c                irq_31_handler
                0x000000000000866c                irq_34_handler
                0x000000000000866c                irq_4_handler
                0x000000000000866c                machine_external_irq
                0x0000000000008670                No_irq_handler
                0x0000000000008680                Exception_handler_irq
                0x0000000000008690                machine_software_irq
 .text          0x00000000000086a0     0x2ae4 /home/vybhav/Videos/FPGA_firmware/ZillaRV-Gen0-Verif/FPGA/SW/sdk/lib/libisa-lib.a(printf.o)
                0x000000000000add0                printf_
                0x000000000000ae50                sprintf_
                0x000000000000aed0                snprintf_
                0x000000000000af50                vprintf_
                0x000000000000afa0                vsnprintf_
                0x000000000000aff4                fctprintf
                0x000000000000b084                XUartLite_SendByte
                0x000000000000b0e8                Xil_In32
                0x000000000000b110                Xil_Out32
                0x000000000000b148                _putchar
 .text          0x000000000000b184      0x980 /home/vybhav/Videos/FPGA_firmware/ZillaRV-Gen0-Verif/FPGA/SW/sdk/lib/libisa-lib.a(random.o)
                0x000000000000b184                init_genrand
                0x000000000000b2a4                init_by_array
                0x000000000000b568                genrand_int32
                0x000000000000b878                genrand_int31
                0x000000000000b8a8                genrand_real1
                0x000000000000b908                genrand_real2
                0x000000000000b968                genrand_real3
                0x000000000000b9e8                genrand_res53
                0x000000000000bac4                reset_zero
 .text          0x000000000000bb04      0x430 /opt/riscv/lib/gcc/riscv32-unknown-elf/11.1.0/libgcc.a(_udivdi3.o)
                0x000000000000bb04                __udivdi3
 .text          0x000000000000bf34      0x3e4 /opt/riscv/lib/gcc/riscv32-unknown-elf/11.1.0/libgcc.a(_umoddi3.o)
                0x000000000000bf34                __umoddi3
 .text          0x000000000000c318      0x7dc /opt/riscv/lib/gcc/riscv32-unknown-elf/11.1.0/libgcc.a(adddf3.o)
                0x000000000000c318                __adddf3
 .text          0x000000000000caf4      0x6dc /opt/riscv/lib/gcc/riscv32-unknown-elf/11.1.0/libgcc.a(divdf3.o)
                0x000000000000caf4                __divdf3
 .text          0x000000000000d1d0       0x8c /opt/riscv/lib/gcc/riscv32-unknown-elf/11.1.0/libgcc.a(eqdf2.o)
                0x000000000000d1d0                __eqdf2
                0x000000000000d1d0                __nedf2
 .text          0x000000000000d25c       0xe4 /opt/riscv/lib/gcc/riscv32-unknown-elf/11.1.0/libgcc.a(gedf2.o)
                0x000000000000d25c                __gtdf2
                0x000000000000d25c                __gedf2
 .text          0x000000000000d340       0xe4 /opt/riscv/lib/gcc/riscv32-unknown-elf/11.1.0/libgcc.a(ledf2.o)
                0x000000000000d340                __ltdf2
                0x000000000000d340                __ledf2
 .text          0x000000000000d424      0x60c /opt/riscv/lib/gcc/riscv32-unknown-elf/11.1.0/libgcc.a(muldf3.o)
                0x000000000000d424                __muldf3
 .text          0x000000000000da30      0x7f0 /opt/riscv/lib/gcc/riscv32-unknown-elf/11.1.0/libgcc.a(subdf3.o)
                0x000000000000da30                __subdf3
 .text          0x000000000000e220       0x80 /opt/riscv/lib/gcc/riscv32-unknown-elf/11.1.0/libgcc.a(fixdfsi.o)
                0x000000000000e220                __fixdfsi
 .text          0x000000000000e2a0       0x7c /opt/riscv/lib/gcc/riscv32-unknown-elf/11.1.0/libgcc.a(fixunsdfsi.o)
                0x000000000000e2a0                __fixunsdfsi
 .text          0x000000000000e31c       0xa8 /opt/riscv/lib/gcc/riscv32-unknown-elf/11.1.0/libgcc.a(floatsidf.o)
                0x000000000000e31c                __floatsidf
 .text          0x000000000000e3c4       0x80 /opt/riscv/lib/gcc/riscv32-unknown-elf/11.1.0/libgcc.a(floatunsidf.o)
                0x000000000000e3c4                __floatunsidf
 .text          0x000000000000e444        0x0 /opt/riscv/lib/gcc/riscv32-unknown-elf/11.1.0/libgcc.a(_clz.o)
 .text          0x000000000000e444       0x4c /opt/riscv/lib/gcc/riscv32-unknown-elf/11.1.0/libgcc.a(_clzsi2.o)
                0x000000000000e444                __clzsi2
 .text          0x000000000000e490        0x0 /opt/riscv/lib/gcc/riscv32-unknown-elf/11.1.0/../../../../riscv32-unknown-elf/lib/libc.a(lib_a-exit.o)
 .text.exit     0x000000000000e490       0x34 /opt/riscv/lib/gcc/riscv32-unknown-elf/11.1.0/../../../../riscv32-unknown-elf/lib/libc.a(lib_a-exit.o)
                0x000000000000e490                exit
 .text          0x000000000000e4c4        0x0 /opt/riscv/lib/gcc/riscv32-unknown-elf/11.1.0/../../../../riscv32-unknown-elf/lib/libc.a(lib_a-impure.o)
 .text          0x000000000000e4c4        0x0 /opt/riscv/lib/gcc/riscv32-unknown-elf/11.1.0/../../../../riscv32-unknown-elf/lib/libc.a(lib_a-__call_atexit.o)
 .text.startup.register_fini
                0x000000000000e4c4       0x18 /opt/riscv/lib/gcc/riscv32-unknown-elf/11.1.0/../../../../riscv32-unknown-elf/lib/libc.a(lib_a-__call_atexit.o)
 .text.__call_exitprocs
                0x000000000000e4dc      0x124 /opt/riscv/lib/gcc/riscv32-unknown-elf/11.1.0/../../../../riscv32-unknown-elf/lib/libc.a(lib_a-__call_atexit.o)
                0x000000000000e4dc                __call_exitprocs
 .text          0x000000000000e600        0x0 /opt/riscv/lib/gcc/riscv32-unknown-elf/11.1.0/../../../../riscv32-unknown-elf/lib/libc.a(lib_a-fini.o)
 .text.__libc_fini_array
                0x000000000000e600       0x54 /opt/riscv/lib/gcc/riscv32-unknown-elf/11.1.0/../../../../riscv32-unknown-elf/lib/libc.a(lib_a-fini.o)
                0x000000000000e600                __libc_fini_array
 .text          0x000000000000e654        0x0 /opt/riscv/lib/gcc/riscv32-unknown-elf/11.1.0/../../../../riscv32-unknown-elf/lib/libc.a(lib_a-atexit.o)
 .text.atexit   0x000000000000e654       0x14 /opt/riscv/lib/gcc/riscv32-unknown-elf/11.1.0/../../../../riscv32-unknown-elf/lib/libc.a(lib_a-atexit.o)
                0x000000000000e654                atexit
 .text          0x000000000000e668        0x0 /opt/riscv/lib/gcc/riscv32-unknown-elf/11.1.0/../../../../riscv32-unknown-elf/lib/libc.a(lib_a-__atexit.o)
 .text.__register_exitproc
                0x000000000000e668       0x9c /opt/riscv/lib/gcc/riscv32-unknown-elf/11.1.0/../../../../riscv32-unknown-elf/lib/libc.a(lib_a-__atexit.o)
                0x000000000000e668                __register_exitproc
 .text          0x000000000000e704        0x0 /opt/riscv/lib/gcc/riscv32-unknown-elf/11.1.0/../../../../riscv32-unknown-elf/lib/libgloss.a(sys_exit.o)
 .text._exit    0x000000000000e704       0x30 /opt/riscv/lib/gcc/riscv32-unknown-elf/11.1.0/../../../../riscv32-unknown-elf/lib/libgloss.a(sys_exit.o)
                0x000000000000e704                _exit
 .text          0x000000000000e734        0x0 /opt/riscv/lib/gcc/riscv32-unknown-elf/11.1.0/../../../../riscv32-unknown-elf/lib/libc.a(lib_a-errno.o)
 .text.__errno  0x000000000000e734        0xc /opt/riscv/lib/gcc/riscv32-unknown-elf/11.1.0/../../../../riscv32-unknown-elf/lib/libc.a(lib_a-errno.o)
                0x000000000000e734                __errno
                0x000000000000e740                _end_text = .
                0x000000000000e740                . = ALIGN (0x8)
                [!provide]                        PROVIDE (__etext = .)
                [!provide]                        PROVIDE (_etext = .)
                [!provide]                        PROVIDE (etext = .)

.results
 *(.results)

.rodata         0x0000000000028000      0x440
 *(.rodata)
 .rodata        0x0000000000028000       0x38 /home/vybhav/Videos/FPGA_firmware/ZillaRV-Gen0-Verif/FPGA/SW/programs/and_op/and_op.o
 .rodata        0x0000000000028038      0x2a0 /home/vybhav/Videos/FPGA_firmware/ZillaRV-Gen0-Verif/FPGA/SW/sdk/lib/libisa-lib.a(printf.o)
 .rodata        0x00000000000282d8       0x28 /home/vybhav/Videos/FPGA_firmware/ZillaRV-Gen0-Verif/FPGA/SW/sdk/lib/libisa-lib.a(random.o)
 .rodata        0x0000000000028300       0x3c /opt/riscv/lib/gcc/riscv32-unknown-elf/11.1.0/libgcc.a(divdf3.o)
 .rodata        0x000000000002833c      0x100 /opt/riscv/lib/gcc/riscv32-unknown-elf/11.1.0/libgcc.a(_clz.o)
                0x000000000002833c                __clz_tab
                0x0000000000028440                . = ALIGN (0x20)
 *fill*         0x000000000002843c        0x4 
 *(.rodata.*)
                0x0000000000028440                . = ALIGN (0x20)

.eh_frame       0x0000000000028440       0x3c
 .eh_frame      0x0000000000028440       0x28 /opt/riscv/lib/gcc/riscv32-unknown-elf/11.1.0/libgcc.a(_udivdi3.o)
 .eh_frame      0x0000000000028468       0x14 /opt/riscv/lib/gcc/riscv32-unknown-elf/11.1.0/libgcc.a(_umoddi3.o)
                                         0x28 (size before relaxing)

.rela.dyn       0x000000000002847c        0x0
 .rela.isr_vector
                0x000000000002847c        0x0 /home/vybhav/Videos/FPGA_firmware/ZillaRV-Gen0-Verif/FPGA/SW/programs/and_op/and_op.o
 .rela.init     0x000000000002847c        0x0 /home/vybhav/Videos/FPGA_firmware/ZillaRV-Gen0-Verif/FPGA/SW/programs/and_op/and_op.o
 .rela.text.startup.register_fini
                0x000000000002847c        0x0 /home/vybhav/Videos/FPGA_firmware/ZillaRV-Gen0-Verif/FPGA/SW/programs/and_op/and_op.o
 .rela.text.__libc_fini_array
                0x000000000002847c        0x0 /home/vybhav/Videos/FPGA_firmware/ZillaRV-Gen0-Verif/FPGA/SW/programs/and_op/and_op.o
                0x0000000000028480                . = ALIGN (0x20)

.rodata1
 *(.rodata1)
                0x0000000000028480                . = ALIGN (0x20)

.sdata2
 *(.sdata2 .sdata2.*)
                0x0000000000028480                . = ALIGN (0x8)

.sbss2
 *(.sbss2 .sbss2.*)
                0x0000000000028480                . = ALIGN (0x8)
                0x0000000000028480                _stored_data = .

.data           0x0000000000028480      0x428
                0x0000000000028480                _start_data = .
 *(.data*)
 .data          0x0000000000028480        0x0 /home/vybhav/Videos/FPGA_firmware/ZillaRV-Gen0-Verif/FPGA/SW/programs/and_op/and_op.o
 .data          0x0000000000028480        0x0 /home/vybhav/Videos/FPGA_firmware/ZillaRV-Gen0-Verif/FPGA/SW/bsp/libbsp-lib.a(zilla_startup.o)
 .data          0x0000000000028480        0x0 /home/vybhav/Videos/FPGA_firmware/ZillaRV-Gen0-Verif/FPGA/SW/sdk/lib/libisa-lib.a(printf.o)
 .data          0x0000000000028480        0x0 /home/vybhav/Videos/FPGA_firmware/ZillaRV-Gen0-Verif/FPGA/SW/sdk/lib/libisa-lib.a(random.o)
 .data          0x0000000000028480        0x0 /opt/riscv/lib/gcc/riscv32-unknown-elf/11.1.0/libgcc.a(_udivdi3.o)
 .data          0x0000000000028480        0x0 /opt/riscv/lib/gcc/riscv32-unknown-elf/11.1.0/libgcc.a(_umoddi3.o)
 .data          0x0000000000028480        0x0 /opt/riscv/lib/gcc/riscv32-unknown-elf/11.1.0/libgcc.a(adddf3.o)
 .data          0x0000000000028480        0x0 /opt/riscv/lib/gcc/riscv32-unknown-elf/11.1.0/libgcc.a(divdf3.o)
 .data          0x0000000000028480        0x0 /opt/riscv/lib/gcc/riscv32-unknown-elf/11.1.0/libgcc.a(eqdf2.o)
 .data          0x0000000000028480        0x0 /opt/riscv/lib/gcc/riscv32-unknown-elf/11.1.0/libgcc.a(gedf2.o)
 .data          0x0000000000028480        0x0 /opt/riscv/lib/gcc/riscv32-unknown-elf/11.1.0/libgcc.a(ledf2.o)
 .data          0x0000000000028480        0x0 /opt/riscv/lib/gcc/riscv32-unknown-elf/11.1.0/libgcc.a(muldf3.o)
 .data          0x0000000000028480        0x0 /opt/riscv/lib/gcc/riscv32-unknown-elf/11.1.0/libgcc.a(subdf3.o)
 .data          0x0000000000028480        0x0 /opt/riscv/lib/gcc/riscv32-unknown-elf/11.1.0/libgcc.a(fixdfsi.o)
 .data          0x0000000000028480        0x0 /opt/riscv/lib/gcc/riscv32-unknown-elf/11.1.0/libgcc.a(fixunsdfsi.o)
 .data          0x0000000000028480        0x0 /opt/riscv/lib/gcc/riscv32-unknown-elf/11.1.0/libgcc.a(floatsidf.o)
 .data          0x0000000000028480        0x0 /opt/riscv/lib/gcc/riscv32-unknown-elf/11.1.0/libgcc.a(floatunsidf.o)
 .data          0x0000000000028480        0x0 /opt/riscv/lib/gcc/riscv32-unknown-elf/11.1.0/libgcc.a(_clz.o)
 .data          0x0000000000028480        0x0 /opt/riscv/lib/gcc/riscv32-unknown-elf/11.1.0/libgcc.a(_clzsi2.o)
 .data          0x0000000000028480        0x0 /opt/riscv/lib/gcc/riscv32-unknown-elf/11.1.0/../../../../riscv32-unknown-elf/lib/libc.a(lib_a-exit.o)
 .data          0x0000000000028480        0x0 /opt/riscv/lib/gcc/riscv32-unknown-elf/11.1.0/../../../../riscv32-unknown-elf/lib/libc.a(lib_a-impure.o)
 .data.impure_data
                0x0000000000028480      0x428 /opt/riscv/lib/gcc/riscv32-unknown-elf/11.1.0/../../../../riscv32-unknown-elf/lib/libc.a(lib_a-impure.o)
 .data          0x00000000000288a8        0x0 /opt/riscv/lib/gcc/riscv32-unknown-elf/11.1.0/../../../../riscv32-unknown-elf/lib/libc.a(lib_a-__call_atexit.o)
 .data          0x00000000000288a8        0x0 /opt/riscv/lib/gcc/riscv32-unknown-elf/11.1.0/../../../../riscv32-unknown-elf/lib/libc.a(lib_a-fini.o)
 .data          0x00000000000288a8        0x0 /opt/riscv/lib/gcc/riscv32-unknown-elf/11.1.0/../../../../riscv32-unknown-elf/lib/libc.a(lib_a-atexit.o)
 .data          0x00000000000288a8        0x0 /opt/riscv/lib/gcc/riscv32-unknown-elf/11.1.0/../../../../riscv32-unknown-elf/lib/libc.a(lib_a-__atexit.o)
 .data          0x00000000000288a8        0x0 /opt/riscv/lib/gcc/riscv32-unknown-elf/11.1.0/../../../../riscv32-unknown-elf/lib/libgloss.a(sys_exit.o)
 .data          0x00000000000288a8        0x0 /opt/riscv/lib/gcc/riscv32-unknown-elf/11.1.0/../../../../riscv32-unknown-elf/lib/libc.a(lib_a-errno.o)
                0x00000000000290a8                //_global_pointer = (. + 0x800)
                0x00000000000288a8                . = ALIGN (0x8)
                0x00000000000288a8                _end_data = .

.init_array.00000
                0x00000000000288a8        0x4
 .init_array.00000
                0x00000000000288a8        0x4 /opt/riscv/lib/gcc/riscv32-unknown-elf/11.1.0/../../../../riscv32-unknown-elf/lib/libc.a(lib_a-__call_atexit.o)
                0x00000000000288b0                . = ALIGN (0x8)

.data1
 *(.data1)
                0x00000000000288b0                . = ALIGN (0x8)

.sdata          0x00000000000288ac       0x14
                0x00000000000288ac                __SDATA_BEGIN__ = .
 *(.srodata.cst16)
 *(.srodata.cst8)
 *(.srodata.cst4)
 *(.srodata.cst2)
 *(.srodata .srodata.*)
 .srodata._global_impure_ptr
                0x00000000000288ac        0x4 /opt/riscv/lib/gcc/riscv32-unknown-elf/11.1.0/../../../../riscv32-unknown-elf/lib/libc.a(lib_a-impure.o)
                0x00000000000288ac                _global_impure_ptr
 *(.sdata .sdata.*)
 .sdata         0x00000000000288b0        0xc /home/vybhav/Videos/FPGA_firmware/ZillaRV-Gen0-Verif/FPGA/SW/sdk/lib/libisa-lib.a(random.o)
 .sdata._impure_ptr
                0x00000000000288bc        0x4 /opt/riscv/lib/gcc/riscv32-unknown-elf/11.1.0/../../../../riscv32-unknown-elf/lib/libc.a(lib_a-impure.o)
                0x00000000000288bc                _impure_ptr
                0x00000000000288c0                . = ALIGN (0x8)
                0x00000000000288c0                _edata = .
                [!provide]                        PROVIDE (edata = .)
                0x00000000000288c0                . = .
                0x00000000000288c0                _start_bss = .

.sbss
 *(.dynsbss)
 *(.sbss .sbss.*)
 *(.scommon)
                0x00000000000288c0                . = ALIGN (0x8)

.bss            0x00000000000288c0      0x9c0
 *(.dynbss)
 *(.bss .bss.*)
 .bss           0x00000000000288c0        0x0 /home/vybhav/Videos/FPGA_firmware/ZillaRV-Gen0-Verif/FPGA/SW/programs/and_op/and_op.o
 .bss           0x00000000000288c0        0x0 /home/vybhav/Videos/FPGA_firmware/ZillaRV-Gen0-Verif/FPGA/SW/bsp/libbsp-lib.a(zilla_startup.o)
 .bss           0x00000000000288c0        0x0 /home/vybhav/Videos/FPGA_firmware/ZillaRV-Gen0-Verif/FPGA/SW/sdk/lib/libisa-lib.a(printf.o)
 .bss           0x00000000000288c0      0x9c0 /home/vybhav/Videos/FPGA_firmware/ZillaRV-Gen0-Verif/FPGA/SW/sdk/lib/libisa-lib.a(random.o)
 .bss           0x0000000000029280        0x0 /opt/riscv/lib/gcc/riscv32-unknown-elf/11.1.0/libgcc.a(_udivdi3.o)
 .bss           0x0000000000029280        0x0 /opt/riscv/lib/gcc/riscv32-unknown-elf/11.1.0/libgcc.a(_umoddi3.o)
 .bss           0x0000000000029280        0x0 /opt/riscv/lib/gcc/riscv32-unknown-elf/11.1.0/libgcc.a(adddf3.o)
 .bss           0x0000000000029280        0x0 /opt/riscv/lib/gcc/riscv32-unknown-elf/11.1.0/libgcc.a(divdf3.o)
 .bss           0x0000000000029280        0x0 /opt/riscv/lib/gcc/riscv32-unknown-elf/11.1.0/libgcc.a(eqdf2.o)
 .bss           0x0000000000029280        0x0 /opt/riscv/lib/gcc/riscv32-unknown-elf/11.1.0/libgcc.a(gedf2.o)
 .bss           0x0000000000029280        0x0 /opt/riscv/lib/gcc/riscv32-unknown-elf/11.1.0/libgcc.a(ledf2.o)
 .bss           0x0000000000029280        0x0 /opt/riscv/lib/gcc/riscv32-unknown-elf/11.1.0/libgcc.a(muldf3.o)
 .bss           0x0000000000029280        0x0 /opt/riscv/lib/gcc/riscv32-unknown-elf/11.1.0/libgcc.a(subdf3.o)
 .bss           0x0000000000029280        0x0 /opt/riscv/lib/gcc/riscv32-unknown-elf/11.1.0/libgcc.a(fixdfsi.o)
 .bss           0x0000000000029280        0x0 /opt/riscv/lib/gcc/riscv32-unknown-elf/11.1.0/libgcc.a(fixunsdfsi.o)
 .bss           0x0000000000029280        0x0 /opt/riscv/lib/gcc/riscv32-unknown-elf/11.1.0/libgcc.a(floatsidf.o)
 .bss           0x0000000000029280        0x0 /opt/riscv/lib/gcc/riscv32-unknown-elf/11.1.0/libgcc.a(floatunsidf.o)
 .bss           0x0000000000029280        0x0 /opt/riscv/lib/gcc/riscv32-unknown-elf/11.1.0/libgcc.a(_clz.o)
 .bss           0x0000000000029280        0x0 /opt/riscv/lib/gcc/riscv32-unknown-elf/11.1.0/libgcc.a(_clzsi2.o)
 .bss           0x0000000000029280        0x0 /opt/riscv/lib/gcc/riscv32-unknown-elf/11.1.0/../../../../riscv32-unknown-elf/lib/libc.a(lib_a-exit.o)
 .bss           0x0000000000029280        0x0 /opt/riscv/lib/gcc/riscv32-unknown-elf/11.1.0/../../../../riscv32-unknown-elf/lib/libc.a(lib_a-impure.o)
 .bss           0x0000000000029280        0x0 /opt/riscv/lib/gcc/riscv32-unknown-elf/11.1.0/../../../../riscv32-unknown-elf/lib/libc.a(lib_a-__call_atexit.o)
 .bss           0x0000000000029280        0x0 /opt/riscv/lib/gcc/riscv32-unknown-elf/11.1.0/../../../../riscv32-unknown-elf/lib/libc.a(lib_a-fini.o)
 .bss           0x0000000000029280        0x0 /opt/riscv/lib/gcc/riscv32-unknown-elf/11.1.0/../../../../riscv32-unknown-elf/lib/libc.a(lib_a-atexit.o)
 .bss           0x0000000000029280        0x0 /opt/riscv/lib/gcc/riscv32-unknown-elf/11.1.0/../../../../riscv32-unknown-elf/lib/libc.a(lib_a-__atexit.o)
 .bss           0x0000000000029280        0x0 /opt/riscv/lib/gcc/riscv32-unknown-elf/11.1.0/../../../../riscv32-unknown-elf/lib/libgloss.a(sys_exit.o)
 .bss           0x0000000000029280        0x0 /opt/riscv/lib/gcc/riscv32-unknown-elf/11.1.0/../../../../riscv32-unknown-elf/lib/libc.a(lib_a-errno.o)
 *(COMMON)
                0x0000000000029280                . = ALIGN (0x8)
                0x0000000000029280                . = ALIGN (0x8)
                0x0000000000029280                _end_bss = .
                0x0000000000028c80                _global_pointer = MIN ((__SDATA_BEGIN__ + 0x800), MAX ((_start_data + 0x800), (_end_bss - 0x800)))
                0x0000000000029280                _end = .
                [!provide]                        PROVIDE (end = .)

.heap           0x0000000000029280    0x1ed80
                0x0000000000029280                PROVIDE (__heap_start = .)
                0x0000000000048000                PROVIDE (__heap_end = ALIGN ((((ORIGIN (DATA_MEM) + LENGTH (DATA_MEM)) - __heap_start) - 0xf), 0x10))
                0x0000000000048000                . = __heap_end
 *fill*         0x0000000000029280    0x1ed80 

.stack          0x0000000000029280    0x1ed80
                [!provide]                        PROVIDE (__stack_start = __heap_start)
                0x0000000000048000                . = __heap_end
 *fill*         0x0000000000029280    0x1ed80 
                0x0000000000048000                PROVIDE (_end_stack = .)
OUTPUT(/home/vybhav/Videos/FPGA_firmware/ZillaRV-Gen0-Verif/FPGA/SW/programs/and_op/and_op.elf elf32-littleriscv)

.comment        0x0000000000000000       0x21
 .comment       0x0000000000000000        0xf /home/vybhav/Videos/FPGA_firmware/ZillaRV-Gen0-Verif/FPGA/SW/programs/and_op/and_op.o
                                         0x10 (size before relaxing)
 .comment       0x000000000000000f       0x10 /home/vybhav/Videos/FPGA_firmware/ZillaRV-Gen0-Verif/FPGA/SW/bsp/libbsp-lib.a(zilla_startup.o)
 .comment       0x000000000000000f       0x10 /home/vybhav/Videos/FPGA_firmware/ZillaRV-Gen0-Verif/FPGA/SW/sdk/lib/libisa-lib.a(printf.o)
 .comment       0x000000000000000f       0x10 /home/vybhav/Videos/FPGA_firmware/ZillaRV-Gen0-Verif/FPGA/SW/sdk/lib/libisa-lib.a(random.o)
 .comment       0x000000000000000f       0x10 /opt/riscv/lib/gcc/riscv32-unknown-elf/11.1.0/libgcc.a(_udivdi3.o)
 .comment       0x000000000000000f       0x10 /opt/riscv/lib/gcc/riscv32-unknown-elf/11.1.0/libgcc.a(_umoddi3.o)
 .comment       0x000000000000000f       0x10 /opt/riscv/lib/gcc/riscv32-unknown-elf/11.1.0/libgcc.a(adddf3.o)
 .comment       0x000000000000000f       0x10 /opt/riscv/lib/gcc/riscv32-unknown-elf/11.1.0/libgcc.a(divdf3.o)
 .comment       0x000000000000000f       0x10 /opt/riscv/lib/gcc/riscv32-unknown-elf/11.1.0/libgcc.a(eqdf2.o)
 .comment       0x000000000000000f       0x10 /opt/riscv/lib/gcc/riscv32-unknown-elf/11.1.0/libgcc.a(gedf2.o)
 .comment       0x000000000000000f       0x10 /opt/riscv/lib/gcc/riscv32-unknown-elf/11.1.0/libgcc.a(ledf2.o)
 .comment       0x000000000000000f       0x10 /opt/riscv/lib/gcc/riscv32-unknown-elf/11.1.0/libgcc.a(muldf3.o)
 .comment       0x000000000000000f       0x10 /opt/riscv/lib/gcc/riscv32-unknown-elf/11.1.0/libgcc.a(subdf3.o)
 .comment       0x000000000000000f       0x10 /opt/riscv/lib/gcc/riscv32-unknown-elf/11.1.0/libgcc.a(fixdfsi.o)
 .comment       0x000000000000000f       0x10 /opt/riscv/lib/gcc/riscv32-unknown-elf/11.1.0/libgcc.a(fixunsdfsi.o)
 .comment       0x000000000000000f       0x10 /opt/riscv/lib/gcc/riscv32-unknown-elf/11.1.0/libgcc.a(floatsidf.o)
 .comment       0x000000000000000f       0x10 /opt/riscv/lib/gcc/riscv32-unknown-elf/11.1.0/libgcc.a(floatunsidf.o)
 .comment       0x000000000000000f       0x10 /opt/riscv/lib/gcc/riscv32-unknown-elf/11.1.0/libgcc.a(_clz.o)
 .comment       0x000000000000000f       0x10 /opt/riscv/lib/gcc/riscv32-unknown-elf/11.1.0/libgcc.a(_clzsi2.o)
 .comment       0x000000000000000f       0x12 /opt/riscv/lib/gcc/riscv32-unknown-elf/11.1.0/../../../../riscv32-unknown-elf/lib/libc.a(lib_a-exit.o)
                                         0x13 (size before relaxing)
 .comment       0x0000000000000021       0x13 /opt/riscv/lib/gcc/riscv32-unknown-elf/11.1.0/../../../../riscv32-unknown-elf/lib/libc.a(lib_a-impure.o)
 .comment       0x0000000000000021       0x13 /opt/riscv/lib/gcc/riscv32-unknown-elf/11.1.0/../../../../riscv32-unknown-elf/lib/libc.a(lib_a-__call_atexit.o)
 .comment       0x0000000000000021       0x13 /opt/riscv/lib/gcc/riscv32-unknown-elf/11.1.0/../../../../riscv32-unknown-elf/lib/libc.a(lib_a-fini.o)
 .comment       0x0000000000000021       0x13 /opt/riscv/lib/gcc/riscv32-unknown-elf/11.1.0/../../../../riscv32-unknown-elf/lib/libc.a(lib_a-atexit.o)
 .comment       0x0000000000000021       0x13 /opt/riscv/lib/gcc/riscv32-unknown-elf/11.1.0/../../../../riscv32-unknown-elf/lib/libc.a(lib_a-__atexit.o)
 .comment       0x0000000000000021       0x13 /opt/riscv/lib/gcc/riscv32-unknown-elf/11.1.0/../../../../riscv32-unknown-elf/lib/libgloss.a(sys_exit.o)
 .comment       0x0000000000000021       0x13 /opt/riscv/lib/gcc/riscv32-unknown-elf/11.1.0/../../../../riscv32-unknown-elf/lib/libc.a(lib_a-errno.o)

.riscv.attributes
                0x0000000000000000       0x21
 .riscv.attributes
                0x0000000000000000       0x21 /home/vybhav/Videos/FPGA_firmware/ZillaRV-Gen0-Verif/FPGA/SW/programs/and_op/and_op.o
 .riscv.attributes
                0x0000000000000021       0x21 /home/vybhav/Videos/FPGA_firmware/ZillaRV-Gen0-Verif/FPGA/SW/bsp/libbsp-lib.a(zilla_startup.o)
 .riscv.attributes
                0x0000000000000042       0x21 /home/vybhav/Videos/FPGA_firmware/ZillaRV-Gen0-Verif/FPGA/SW/sdk/lib/libisa-lib.a(printf.o)
 .riscv.attributes
                0x0000000000000063       0x21 /home/vybhav/Videos/FPGA_firmware/ZillaRV-Gen0-Verif/FPGA/SW/sdk/lib/libisa-lib.a(random.o)
 .riscv.attributes
                0x0000000000000084       0x21 /opt/riscv/lib/gcc/riscv32-unknown-elf/11.1.0/libgcc.a(_udivdi3.o)
 .riscv.attributes
                0x00000000000000a5       0x21 /opt/riscv/lib/gcc/riscv32-unknown-elf/11.1.0/libgcc.a(_umoddi3.o)
 .riscv.attributes
                0x00000000000000c6       0x21 /opt/riscv/lib/gcc/riscv32-unknown-elf/11.1.0/libgcc.a(adddf3.o)
 .riscv.attributes
                0x00000000000000e7       0x21 /opt/riscv/lib/gcc/riscv32-unknown-elf/11.1.0/libgcc.a(divdf3.o)
 .riscv.attributes
                0x0000000000000108       0x21 /opt/riscv/lib/gcc/riscv32-unknown-elf/11.1.0/libgcc.a(eqdf2.o)
 .riscv.attributes
                0x0000000000000129       0x21 /opt/riscv/lib/gcc/riscv32-unknown-elf/11.1.0/libgcc.a(gedf2.o)
 .riscv.attributes
                0x000000000000014a       0x21 /opt/riscv/lib/gcc/riscv32-unknown-elf/11.1.0/libgcc.a(ledf2.o)
 .riscv.attributes
                0x000000000000016b       0x21 /opt/riscv/lib/gcc/riscv32-unknown-elf/11.1.0/libgcc.a(muldf3.o)
 .riscv.attributes
                0x000000000000018c       0x21 /opt/riscv/lib/gcc/riscv32-unknown-elf/11.1.0/libgcc.a(subdf3.o)
 .riscv.attributes
                0x00000000000001ad       0x21 /opt/riscv/lib/gcc/riscv32-unknown-elf/11.1.0/libgcc.a(fixdfsi.o)
 .riscv.attributes
                0x00000000000001ce       0x21 /opt/riscv/lib/gcc/riscv32-unknown-elf/11.1.0/libgcc.a(fixunsdfsi.o)
 .riscv.attributes
                0x00000000000001ef       0x21 /opt/riscv/lib/gcc/riscv32-unknown-elf/11.1.0/libgcc.a(floatsidf.o)
 .riscv.attributes
                0x0000000000000210       0x21 /opt/riscv/lib/gcc/riscv32-unknown-elf/11.1.0/libgcc.a(floatunsidf.o)
 .riscv.attributes
                0x0000000000000231       0x21 /opt/riscv/lib/gcc/riscv32-unknown-elf/11.1.0/libgcc.a(_clz.o)
 .riscv.attributes
                0x0000000000000252       0x21 /opt/riscv/lib/gcc/riscv32-unknown-elf/11.1.0/libgcc.a(_clzsi2.o)
 .riscv.attributes
                0x0000000000000273       0x21 /opt/riscv/lib/gcc/riscv32-unknown-elf/11.1.0/../../../../riscv32-unknown-elf/lib/libc.a(lib_a-exit.o)
 .riscv.attributes
                0x0000000000000294       0x21 /opt/riscv/lib/gcc/riscv32-unknown-elf/11.1.0/../../../../riscv32-unknown-elf/lib/libc.a(lib_a-impure.o)
 .riscv.attributes
                0x00000000000002b5       0x21 /opt/riscv/lib/gcc/riscv32-unknown-elf/11.1.0/../../../../riscv32-unknown-elf/lib/libc.a(lib_a-__call_atexit.o)
 .riscv.attributes
                0x00000000000002d6       0x21 /opt/riscv/lib/gcc/riscv32-unknown-elf/11.1.0/../../../../riscv32-unknown-elf/lib/libc.a(lib_a-fini.o)
 .riscv.attributes
                0x00000000000002f7       0x21 /opt/riscv/lib/gcc/riscv32-unknown-elf/11.1.0/../../../../riscv32-unknown-elf/lib/libc.a(lib_a-atexit.o)
 .riscv.attributes
                0x0000000000000318       0x21 /opt/riscv/lib/gcc/riscv32-unknown-elf/11.1.0/../../../../riscv32-unknown-elf/lib/libc.a(lib_a-__atexit.o)
 .riscv.attributes
                0x0000000000000339       0x21 /opt/riscv/lib/gcc/riscv32-unknown-elf/11.1.0/../../../../riscv32-unknown-elf/lib/libgloss.a(sys_exit.o)
 .riscv.attributes
                0x000000000000035a       0x21 /opt/riscv/lib/gcc/riscv32-unknown-elf/11.1.0/../../../../riscv32-unknown-elf/lib/libc.a(lib_a-errno.o)

.debug_info     0x0000000000000000     0x48e8
 .debug_info    0x0000000000000000      0x150 /home/vybhav/Videos/FPGA_firmware/ZillaRV-Gen0-Verif/FPGA/SW/bsp/libbsp-lib.a(zilla_startup.o)
 .debug_info    0x0000000000000150      0xe3e /home/vybhav/Videos/FPGA_firmware/ZillaRV-Gen0-Verif/FPGA/SW/sdk/lib/libisa-lib.a(printf.o)
 .debug_info    0x0000000000000f8e      0x25f /home/vybhav/Videos/FPGA_firmware/ZillaRV-Gen0-Verif/FPGA/SW/sdk/lib/libisa-lib.a(random.o)
 .debug_info    0x00000000000011ed      0x761 /opt/riscv/lib/gcc/riscv32-unknown-elf/11.1.0/libgcc.a(_udivdi3.o)
 .debug_info    0x000000000000194e      0x7b5 /opt/riscv/lib/gcc/riscv32-unknown-elf/11.1.0/libgcc.a(_umoddi3.o)
 .debug_info    0x0000000000002103      0x4fc /opt/riscv/lib/gcc/riscv32-unknown-elf/11.1.0/libgcc.a(adddf3.o)
 .debug_info    0x00000000000025ff      0x684 /opt/riscv/lib/gcc/riscv32-unknown-elf/11.1.0/libgcc.a(divdf3.o)
 .debug_info    0x0000000000002c83      0x221 /opt/riscv/lib/gcc/riscv32-unknown-elf/11.1.0/libgcc.a(eqdf2.o)
 .debug_info    0x0000000000002ea4      0x21e /opt/riscv/lib/gcc/riscv32-unknown-elf/11.1.0/libgcc.a(gedf2.o)
 .debug_info    0x00000000000030c2      0x21e /opt/riscv/lib/gcc/riscv32-unknown-elf/11.1.0/libgcc.a(ledf2.o)
 .debug_info    0x00000000000032e0      0x6b6 /opt/riscv/lib/gcc/riscv32-unknown-elf/11.1.0/libgcc.a(muldf3.o)
 .debug_info    0x0000000000003996      0x4fc /opt/riscv/lib/gcc/riscv32-unknown-elf/11.1.0/libgcc.a(subdf3.o)
 .debug_info    0x0000000000003e92      0x1ca /opt/riscv/lib/gcc/riscv32-unknown-elf/11.1.0/libgcc.a(fixdfsi.o)
 .debug_info    0x000000000000405c      0x1ad /opt/riscv/lib/gcc/riscv32-unknown-elf/11.1.0/libgcc.a(fixunsdfsi.o)
 .debug_info    0x0000000000004209      0x268 /opt/riscv/lib/gcc/riscv32-unknown-elf/11.1.0/libgcc.a(floatsidf.o)
 .debug_info    0x0000000000004471      0x25d /opt/riscv/lib/gcc/riscv32-unknown-elf/11.1.0/libgcc.a(floatunsidf.o)
 .debug_info    0x00000000000046ce       0xd8 /opt/riscv/lib/gcc/riscv32-unknown-elf/11.1.0/libgcc.a(_clz.o)
 .debug_info    0x00000000000047a6      0x142 /opt/riscv/lib/gcc/riscv32-unknown-elf/11.1.0/libgcc.a(_clzsi2.o)

.debug_abbrev   0x0000000000000000     0x1898
 .debug_abbrev  0x0000000000000000       0xbe /home/vybhav/Videos/FPGA_firmware/ZillaRV-Gen0-Verif/FPGA/SW/bsp/libbsp-lib.a(zilla_startup.o)
 .debug_abbrev  0x00000000000000be      0x27f /home/vybhav/Videos/FPGA_firmware/ZillaRV-Gen0-Verif/FPGA/SW/sdk/lib/libisa-lib.a(printf.o)
 .debug_abbrev  0x000000000000033d      0x137 /home/vybhav/Videos/FPGA_firmware/ZillaRV-Gen0-Verif/FPGA/SW/sdk/lib/libisa-lib.a(random.o)
 .debug_abbrev  0x0000000000000474      0x1a6 /opt/riscv/lib/gcc/riscv32-unknown-elf/11.1.0/libgcc.a(_udivdi3.o)
 .debug_abbrev  0x000000000000061a      0x1bb /opt/riscv/lib/gcc/riscv32-unknown-elf/11.1.0/libgcc.a(_umoddi3.o)
 .debug_abbrev  0x00000000000007d5      0x176 /opt/riscv/lib/gcc/riscv32-unknown-elf/11.1.0/libgcc.a(adddf3.o)
 .debug_abbrev  0x000000000000094b      0x173 /opt/riscv/lib/gcc/riscv32-unknown-elf/11.1.0/libgcc.a(divdf3.o)
 .debug_abbrev  0x0000000000000abe      0x153 /opt/riscv/lib/gcc/riscv32-unknown-elf/11.1.0/libgcc.a(eqdf2.o)
 .debug_abbrev  0x0000000000000c11      0x166 /opt/riscv/lib/gcc/riscv32-unknown-elf/11.1.0/libgcc.a(gedf2.o)
 .debug_abbrev  0x0000000000000d77      0x166 /opt/riscv/lib/gcc/riscv32-unknown-elf/11.1.0/libgcc.a(ledf2.o)
 .debug_abbrev  0x0000000000000edd      0x185 /opt/riscv/lib/gcc/riscv32-unknown-elf/11.1.0/libgcc.a(muldf3.o)
 .debug_abbrev  0x0000000000001062      0x176 /opt/riscv/lib/gcc/riscv32-unknown-elf/11.1.0/libgcc.a(subdf3.o)
 .debug_abbrev  0x00000000000011d8      0x15d /opt/riscv/lib/gcc/riscv32-unknown-elf/11.1.0/libgcc.a(fixdfsi.o)
 .debug_abbrev  0x0000000000001335      0x162 /opt/riscv/lib/gcc/riscv32-unknown-elf/11.1.0/libgcc.a(fixunsdfsi.o)
 .debug_abbrev  0x0000000000001497      0x164 /opt/riscv/lib/gcc/riscv32-unknown-elf/11.1.0/libgcc.a(floatsidf.o)
 .debug_abbrev  0x00000000000015fb      0x163 /opt/riscv/lib/gcc/riscv32-unknown-elf/11.1.0/libgcc.a(floatunsidf.o)
 .debug_abbrev  0x000000000000175e       0x70 /opt/riscv/lib/gcc/riscv32-unknown-elf/11.1.0/libgcc.a(_clz.o)
 .debug_abbrev  0x00000000000017ce       0xca /opt/riscv/lib/gcc/riscv32-unknown-elf/11.1.0/libgcc.a(_clzsi2.o)

.debug_aranges  0x0000000000000000      0x248
 .debug_aranges
                0x0000000000000000       0x30 /home/vybhav/Videos/FPGA_firmware/ZillaRV-Gen0-Verif/FPGA/SW/bsp/libbsp-lib.a(zilla_startup.o)
 .debug_aranges
                0x0000000000000030       0x20 /home/vybhav/Videos/FPGA_firmware/ZillaRV-Gen0-Verif/FPGA/SW/sdk/lib/libisa-lib.a(printf.o)
 .debug_aranges
                0x0000000000000050       0x20 /home/vybhav/Videos/FPGA_firmware/ZillaRV-Gen0-Verif/FPGA/SW/sdk/lib/libisa-lib.a(random.o)
 .debug_aranges
                0x0000000000000070       0x20 /opt/riscv/lib/gcc/riscv32-unknown-elf/11.1.0/libgcc.a(_udivdi3.o)
 .debug_aranges
                0x0000000000000090       0x20 /opt/riscv/lib/gcc/riscv32-unknown-elf/11.1.0/libgcc.a(_umoddi3.o)
 .debug_aranges
                0x00000000000000b0       0x20 /opt/riscv/lib/gcc/riscv32-unknown-elf/11.1.0/libgcc.a(adddf3.o)
 .debug_aranges
                0x00000000000000d0       0x20 /opt/riscv/lib/gcc/riscv32-unknown-elf/11.1.0/libgcc.a(divdf3.o)
 .debug_aranges
                0x00000000000000f0       0x20 /opt/riscv/lib/gcc/riscv32-unknown-elf/11.1.0/libgcc.a(eqdf2.o)
 .debug_aranges
                0x0000000000000110       0x20 /opt/riscv/lib/gcc/riscv32-unknown-elf/11.1.0/libgcc.a(gedf2.o)
 .debug_aranges
                0x0000000000000130       0x20 /opt/riscv/lib/gcc/riscv32-unknown-elf/11.1.0/libgcc.a(ledf2.o)
 .debug_aranges
                0x0000000000000150       0x20 /opt/riscv/lib/gcc/riscv32-unknown-elf/11.1.0/libgcc.a(muldf3.o)
 .debug_aranges
                0x0000000000000170       0x20 /opt/riscv/lib/gcc/riscv32-unknown-elf/11.1.0/libgcc.a(subdf3.o)
 .debug_aranges
                0x0000000000000190       0x20 /opt/riscv/lib/gcc/riscv32-unknown-elf/11.1.0/libgcc.a(fixdfsi.o)
 .debug_aranges
                0x00000000000001b0       0x20 /opt/riscv/lib/gcc/riscv32-unknown-elf/11.1.0/libgcc.a(fixunsdfsi.o)
 .debug_aranges
                0x00000000000001d0       0x20 /opt/riscv/lib/gcc/riscv32-unknown-elf/11.1.0/libgcc.a(floatsidf.o)
 .debug_aranges
                0x00000000000001f0       0x20 /opt/riscv/lib/gcc/riscv32-unknown-elf/11.1.0/libgcc.a(floatunsidf.o)
 .debug_aranges
                0x0000000000000210       0x18 /opt/riscv/lib/gcc/riscv32-unknown-elf/11.1.0/libgcc.a(_clz.o)
 .debug_aranges
                0x0000000000000228       0x20 /opt/riscv/lib/gcc/riscv32-unknown-elf/11.1.0/libgcc.a(_clzsi2.o)

.debug_rnglists
                0x0000000000000000      0xbd5
 .debug_rnglists
                0x0000000000000000       0x28 /home/vybhav/Videos/FPGA_firmware/ZillaRV-Gen0-Verif/FPGA/SW/bsp/libbsp-lib.a(zilla_startup.o)
 .debug_rnglists
                0x0000000000000028      0x111 /opt/riscv/lib/gcc/riscv32-unknown-elf/11.1.0/libgcc.a(_udivdi3.o)
 .debug_rnglists
                0x0000000000000139       0xd1 /opt/riscv/lib/gcc/riscv32-unknown-elf/11.1.0/libgcc.a(_umoddi3.o)
 .debug_rnglists
                0x000000000000020a      0x22e /opt/riscv/lib/gcc/riscv32-unknown-elf/11.1.0/libgcc.a(adddf3.o)
 .debug_rnglists
                0x0000000000000438      0x16f /opt/riscv/lib/gcc/riscv32-unknown-elf/11.1.0/libgcc.a(divdf3.o)
 .debug_rnglists
                0x00000000000005a7       0x4d /opt/riscv/lib/gcc/riscv32-unknown-elf/11.1.0/libgcc.a(eqdf2.o)
 .debug_rnglists
                0x00000000000005f4       0x4e /opt/riscv/lib/gcc/riscv32-unknown-elf/11.1.0/libgcc.a(gedf2.o)
 .debug_rnglists
                0x0000000000000642       0x4e /opt/riscv/lib/gcc/riscv32-unknown-elf/11.1.0/libgcc.a(ledf2.o)
 .debug_rnglists
                0x0000000000000690      0x1dd /opt/riscv/lib/gcc/riscv32-unknown-elf/11.1.0/libgcc.a(muldf3.o)
 .debug_rnglists
                0x000000000000086d      0x22e /opt/riscv/lib/gcc/riscv32-unknown-elf/11.1.0/libgcc.a(subdf3.o)
 .debug_rnglists
                0x0000000000000a9b       0x1f /opt/riscv/lib/gcc/riscv32-unknown-elf/11.1.0/libgcc.a(fixdfsi.o)
 .debug_rnglists
                0x0000000000000aba       0x28 /opt/riscv/lib/gcc/riscv32-unknown-elf/11.1.0/libgcc.a(fixunsdfsi.o)
 .debug_rnglists
                0x0000000000000ae2       0x61 /opt/riscv/lib/gcc/riscv32-unknown-elf/11.1.0/libgcc.a(floatsidf.o)
 .debug_rnglists
                0x0000000000000b43       0x6a /opt/riscv/lib/gcc/riscv32-unknown-elf/11.1.0/libgcc.a(floatunsidf.o)
 .debug_rnglists
                0x0000000000000bad       0x28 /opt/riscv/lib/gcc/riscv32-unknown-elf/11.1.0/libgcc.a(_clzsi2.o)

.debug_line     0x0000000000000000     0x7f7a
 .debug_line    0x0000000000000000      0x3a2 /home/vybhav/Videos/FPGA_firmware/ZillaRV-Gen0-Verif/FPGA/SW/bsp/libbsp-lib.a(zilla_startup.o)
 .debug_line    0x00000000000003a2     0x18e1 /home/vybhav/Videos/FPGA_firmware/ZillaRV-Gen0-Verif/FPGA/SW/sdk/lib/libisa-lib.a(printf.o)
 .debug_line    0x0000000000001c83      0x686 /home/vybhav/Videos/FPGA_firmware/ZillaRV-Gen0-Verif/FPGA/SW/sdk/lib/libisa-lib.a(random.o)
 .debug_line    0x0000000000002309      0x727 /opt/riscv/lib/gcc/riscv32-unknown-elf/11.1.0/libgcc.a(_udivdi3.o)
 .debug_line    0x0000000000002a30      0x7a1 /opt/riscv/lib/gcc/riscv32-unknown-elf/11.1.0/libgcc.a(_umoddi3.o)
 .debug_line    0x00000000000031d1      0xff9 /opt/riscv/lib/gcc/riscv32-unknown-elf/11.1.0/libgcc.a(adddf3.o)
 .debug_line    0x00000000000041ca      0xf42 /opt/riscv/lib/gcc/riscv32-unknown-elf/11.1.0/libgcc.a(divdf3.o)
 .debug_line    0x000000000000510c      0x227 /opt/riscv/lib/gcc/riscv32-unknown-elf/11.1.0/libgcc.a(eqdf2.o)
 .debug_line    0x0000000000005333      0x2bc /opt/riscv/lib/gcc/riscv32-unknown-elf/11.1.0/libgcc.a(gedf2.o)
 .debug_line    0x00000000000055ef      0x2bc /opt/riscv/lib/gcc/riscv32-unknown-elf/11.1.0/libgcc.a(ledf2.o)
 .debug_line    0x00000000000058ab      0xda9 /opt/riscv/lib/gcc/riscv32-unknown-elf/11.1.0/libgcc.a(muldf3.o)
 .debug_line    0x0000000000006654     0x1054 /opt/riscv/lib/gcc/riscv32-unknown-elf/11.1.0/libgcc.a(subdf3.o)
 .debug_line    0x00000000000076a8      0x1eb /opt/riscv/lib/gcc/riscv32-unknown-elf/11.1.0/libgcc.a(fixdfsi.o)
 .debug_line    0x0000000000007893      0x179 /opt/riscv/lib/gcc/riscv32-unknown-elf/11.1.0/libgcc.a(fixunsdfsi.o)
 .debug_line    0x0000000000007a0c      0x223 /opt/riscv/lib/gcc/riscv32-unknown-elf/11.1.0/libgcc.a(floatsidf.o)
 .debug_line    0x0000000000007c2f      0x241 /opt/riscv/lib/gcc/riscv32-unknown-elf/11.1.0/libgcc.a(floatunsidf.o)
 .debug_line    0x0000000000007e70       0x3f /opt/riscv/lib/gcc/riscv32-unknown-elf/11.1.0/libgcc.a(_clz.o)
 .debug_line    0x0000000000007eaf       0xcb /opt/riscv/lib/gcc/riscv32-unknown-elf/11.1.0/libgcc.a(_clzsi2.o)

.debug_str      0x0000000000000000      0xb01
 .debug_str     0x0000000000000000      0x140 /home/vybhav/Videos/FPGA_firmware/ZillaRV-Gen0-Verif/FPGA/SW/bsp/libbsp-lib.a(zilla_startup.o)
                                        0x17d (size before relaxing)
 .debug_str     0x0000000000000140      0x1fe /home/vybhav/Videos/FPGA_firmware/ZillaRV-Gen0-Verif/FPGA/SW/sdk/lib/libisa-lib.a(printf.o)
                                        0x34b (size before relaxing)
 .debug_str     0x000000000000033e       0x94 /home/vybhav/Videos/FPGA_firmware/ZillaRV-Gen0-Verif/FPGA/SW/sdk/lib/libisa-lib.a(random.o)
                                        0x17f (size before relaxing)
 .debug_str     0x00000000000003d2      0x197 /opt/riscv/lib/gcc/riscv32-unknown-elf/11.1.0/libgcc.a(_udivdi3.o)
                                        0x247 (size before relaxing)
 .debug_str     0x0000000000000569        0xa /opt/riscv/lib/gcc/riscv32-unknown-elf/11.1.0/libgcc.a(_umoddi3.o)
                                        0x247 (size before relaxing)
 .debug_str     0x0000000000000573      0x220 /opt/riscv/lib/gcc/riscv32-unknown-elf/11.1.0/libgcc.a(adddf3.o)
                                        0x2a1 (size before relaxing)
 .debug_str     0x0000000000000793      0x16b /opt/riscv/lib/gcc/riscv32-unknown-elf/11.1.0/libgcc.a(divdf3.o)
                                        0x363 (size before relaxing)
 .debug_str     0x00000000000008fe       0x27 /opt/riscv/lib/gcc/riscv32-unknown-elf/11.1.0/libgcc.a(eqdf2.o)
                                        0x1b3 (size before relaxing)
 .debug_str     0x0000000000000925       0x2c /opt/riscv/lib/gcc/riscv32-unknown-elf/11.1.0/libgcc.a(gedf2.o)
                                        0x1d7 (size before relaxing)
 .debug_str     0x0000000000000951        0x8 /opt/riscv/lib/gcc/riscv32-unknown-elf/11.1.0/libgcc.a(ledf2.o)
                                        0x1d7 (size before relaxing)
 .debug_str     0x0000000000000959      0x12e /opt/riscv/lib/gcc/riscv32-unknown-elf/11.1.0/libgcc.a(muldf3.o)
                                        0x3bb (size before relaxing)
 .debug_str     0x0000000000000a87        0x9 /opt/riscv/lib/gcc/riscv32-unknown-elf/11.1.0/libgcc.a(subdf3.o)
                                        0x2a1 (size before relaxing)
 .debug_str     0x0000000000000a90       0x1d /opt/riscv/lib/gcc/riscv32-unknown-elf/11.1.0/libgcc.a(fixdfsi.o)
                                        0x1ae (size before relaxing)
 .debug_str     0x0000000000000aad        0xd /opt/riscv/lib/gcc/riscv32-unknown-elf/11.1.0/libgcc.a(fixunsdfsi.o)
                                        0x1aa (size before relaxing)
 .debug_str     0x0000000000000aba       0x39 /opt/riscv/lib/gcc/riscv32-unknown-elf/11.1.0/libgcc.a(floatsidf.o)
                                        0x24b (size before relaxing)
 .debug_str     0x0000000000000af3        0xe /opt/riscv/lib/gcc/riscv32-unknown-elf/11.1.0/libgcc.a(floatunsidf.o)
                                        0x246 (size before relaxing)
 .debug_str     0x0000000000000b01      0x194 /opt/riscv/lib/gcc/riscv32-unknown-elf/11.1.0/libgcc.a(_clz.o)
 .debug_str     0x0000000000000b01      0x1b1 /opt/riscv/lib/gcc/riscv32-unknown-elf/11.1.0/libgcc.a(_clzsi2.o)

.debug_line_str
                0x0000000000000000      0x5b9
 .debug_line_str
                0x0000000000000000      0x1a0 /home/vybhav/Videos/FPGA_firmware/ZillaRV-Gen0-Verif/FPGA/SW/bsp/libbsp-lib.a(zilla_startup.o)
                                        0x23e (size before relaxing)
 .debug_line_str
                0x00000000000001a0       0xdb /home/vybhav/Videos/FPGA_firmware/ZillaRV-Gen0-Verif/FPGA/SW/sdk/lib/libisa-lib.a(printf.o)
                                        0x221 (size before relaxing)
 .debug_line_str
                0x000000000000027b       0x4e /home/vybhav/Videos/FPGA_firmware/ZillaRV-Gen0-Verif/FPGA/SW/sdk/lib/libisa-lib.a(random.o)
                                        0x1d9 (size before relaxing)
 .debug_line_str
                0x00000000000002c9       0xb0 /opt/riscv/lib/gcc/riscv32-unknown-elf/11.1.0/libgcc.a(_udivdi3.o)
                                        0x144 (size before relaxing)
 .debug_line_str
                0x0000000000000379      0x144 /opt/riscv/lib/gcc/riscv32-unknown-elf/11.1.0/libgcc.a(_umoddi3.o)
 .debug_line_str
                0x0000000000000379       0x5a /opt/riscv/lib/gcc/riscv32-unknown-elf/11.1.0/libgcc.a(adddf3.o)
                                        0x158 (size before relaxing)
 .debug_line_str
                0x00000000000003d3       0x37 /opt/riscv/lib/gcc/riscv32-unknown-elf/11.1.0/libgcc.a(divdf3.o)
                                        0x162 (size before relaxing)
 .debug_line_str
                0x000000000000040a       0x3c /opt/riscv/lib/gcc/riscv32-unknown-elf/11.1.0/libgcc.a(eqdf2.o)
                                        0x165 (size before relaxing)
 .debug_line_str
                0x0000000000000446       0x2c /opt/riscv/lib/gcc/riscv32-unknown-elf/11.1.0/libgcc.a(gedf2.o)
                                        0x165 (size before relaxing)
 .debug_line_str
                0x0000000000000472       0x2c /opt/riscv/lib/gcc/riscv32-unknown-elf/11.1.0/libgcc.a(ledf2.o)
                                        0x165 (size before relaxing)
 .debug_line_str
                0x000000000000049e       0x2d /opt/riscv/lib/gcc/riscv32-unknown-elf/11.1.0/libgcc.a(muldf3.o)
                                        0x162 (size before relaxing)
 .debug_line_str
                0x00000000000004cb       0x2d /opt/riscv/lib/gcc/riscv32-unknown-elf/11.1.0/libgcc.a(subdf3.o)
                                        0x158 (size before relaxing)
 .debug_line_str
                0x00000000000004f8       0x2e /opt/riscv/lib/gcc/riscv32-unknown-elf/11.1.0/libgcc.a(fixdfsi.o)
                                        0x165 (size before relaxing)
 .debug_line_str
                0x0000000000000526       0x31 /opt/riscv/lib/gcc/riscv32-unknown-elf/11.1.0/libgcc.a(fixunsdfsi.o)
                                        0x16e (size before relaxing)
 .debug_line_str
                0x0000000000000557       0x30 /opt/riscv/lib/gcc/riscv32-unknown-elf/11.1.0/libgcc.a(floatsidf.o)
                                        0x16b (size before relaxing)
 .debug_line_str
                0x0000000000000587       0x32 /opt/riscv/lib/gcc/riscv32-unknown-elf/11.1.0/libgcc.a(floatunsidf.o)
                                        0x171 (size before relaxing)
 .debug_line_str
                0x00000000000005b9      0x144 /opt/riscv/lib/gcc/riscv32-unknown-elf/11.1.0/libgcc.a(_clz.o)
 .debug_line_str
                0x00000000000005b9      0x144 /opt/riscv/lib/gcc/riscv32-unknown-elf/11.1.0/libgcc.a(_clzsi2.o)

.debug_frame    0x0000000000000000      0x88c
 .debug_frame   0x0000000000000000       0x94 /home/vybhav/Videos/FPGA_firmware/ZillaRV-Gen0-Verif/FPGA/SW/bsp/libbsp-lib.a(zilla_startup.o)
 .debug_frame   0x0000000000000094      0x420 /home/vybhav/Videos/FPGA_firmware/ZillaRV-Gen0-Verif/FPGA/SW/sdk/lib/libisa-lib.a(printf.o)
 .debug_frame   0x00000000000004b4      0x178 /home/vybhav/Videos/FPGA_firmware/ZillaRV-Gen0-Verif/FPGA/SW/sdk/lib/libisa-lib.a(random.o)
 .debug_frame   0x000000000000062c       0x44 /opt/riscv/lib/gcc/riscv32-unknown-elf/11.1.0/libgcc.a(adddf3.o)
 .debug_frame   0x0000000000000670       0x58 /opt/riscv/lib/gcc/riscv32-unknown-elf/11.1.0/libgcc.a(divdf3.o)
 .debug_frame   0x00000000000006c8       0x20 /opt/riscv/lib/gcc/riscv32-unknown-elf/11.1.0/libgcc.a(eqdf2.o)
 .debug_frame   0x00000000000006e8       0x20 /opt/riscv/lib/gcc/riscv32-unknown-elf/11.1.0/libgcc.a(gedf2.o)
 .debug_frame   0x0000000000000708       0x20 /opt/riscv/lib/gcc/riscv32-unknown-elf/11.1.0/libgcc.a(ledf2.o)
 .debug_frame   0x0000000000000728       0x54 /opt/riscv/lib/gcc/riscv32-unknown-elf/11.1.0/libgcc.a(muldf3.o)
 .debug_frame   0x000000000000077c       0x44 /opt/riscv/lib/gcc/riscv32-unknown-elf/11.1.0/libgcc.a(subdf3.o)
 .debug_frame   0x00000000000007c0       0x20 /opt/riscv/lib/gcc/riscv32-unknown-elf/11.1.0/libgcc.a(fixdfsi.o)
 .debug_frame   0x00000000000007e0       0x20 /opt/riscv/lib/gcc/riscv32-unknown-elf/11.1.0/libgcc.a(fixunsdfsi.o)
 .debug_frame   0x0000000000000800       0x38 /opt/riscv/lib/gcc/riscv32-unknown-elf/11.1.0/libgcc.a(floatsidf.o)
 .debug_frame   0x0000000000000838       0x34 /opt/riscv/lib/gcc/riscv32-unknown-elf/11.1.0/libgcc.a(floatunsidf.o)
 .debug_frame   0x000000000000086c       0x20 /opt/riscv/lib/gcc/riscv32-unknown-elf/11.1.0/libgcc.a(_clzsi2.o)

.debug_loclists
                0x0000000000000000     0x59cc
 .debug_loclists
                0x0000000000000000      0xa99 /opt/riscv/lib/gcc/riscv32-unknown-elf/11.1.0/libgcc.a(_udivdi3.o)
 .debug_loclists
                0x0000000000000a99      0x86a /opt/riscv/lib/gcc/riscv32-unknown-elf/11.1.0/libgcc.a(_umoddi3.o)
 .debug_loclists
                0x0000000000001303     0x10c2 /opt/riscv/lib/gcc/riscv32-unknown-elf/11.1.0/libgcc.a(adddf3.o)
 .debug_loclists
                0x00000000000023c5     0x10de /opt/riscv/lib/gcc/riscv32-unknown-elf/11.1.0/libgcc.a(divdf3.o)
 .debug_loclists
                0x00000000000034a3       0xb2 /opt/riscv/lib/gcc/riscv32-unknown-elf/11.1.0/libgcc.a(eqdf2.o)
 .debug_loclists
                0x0000000000003555      0x117 /opt/riscv/lib/gcc/riscv32-unknown-elf/11.1.0/libgcc.a(gedf2.o)
 .debug_loclists
                0x000000000000366c      0x117 /opt/riscv/lib/gcc/riscv32-unknown-elf/11.1.0/libgcc.a(ledf2.o)
 .debug_loclists
                0x0000000000003783      0xc5a /opt/riscv/lib/gcc/riscv32-unknown-elf/11.1.0/libgcc.a(muldf3.o)
 .debug_loclists
                0x00000000000043dd     0x10df /opt/riscv/lib/gcc/riscv32-unknown-elf/11.1.0/libgcc.a(subdf3.o)
 .debug_loclists
                0x00000000000054bc      0x167 /opt/riscv/lib/gcc/riscv32-unknown-elf/11.1.0/libgcc.a(fixdfsi.o)
 .debug_loclists
                0x0000000000005623       0xdc /opt/riscv/lib/gcc/riscv32-unknown-elf/11.1.0/libgcc.a(fixunsdfsi.o)
 .debug_loclists
                0x00000000000056ff      0x134 /opt/riscv/lib/gcc/riscv32-unknown-elf/11.1.0/libgcc.a(floatsidf.o)
 .debug_loclists
                0x0000000000005833      0x137 /opt/riscv/lib/gcc/riscv32-unknown-elf/11.1.0/libgcc.a(floatunsidf.o)
 .debug_loclists
                0x000000000000596a       0x62 /opt/riscv/lib/gcc/riscv32-unknown-elf/11.1.0/libgcc.a(_clzsi2.o)
